// Jest Snapshot v1, https://goo.gl/fbAQLP

exports[`<NewHousehold /> component matches the snapshop 1`] = `
<div
  data-reactroot=""
>
  <h2
    data-testid="page-header"
  >
    Create A New Family
  </h2>
  <div
    class="sc-bdVaJa kwuwfT"
  >
    <form
      data-testid="household-form"
    >
      <ul>
        <li>
          <label
            for="name"
          >
            <!-- react-text: 8 -->
            Family Name
            <!-- /react-text -->
            <input
              type="text"
              name="name"
              id="name"
              value=""
            />
          </label>
        </li>
        <li>
          <label
            for="address"
          >
            <!-- react-text: 12 -->
            Address
            <!-- /react-text -->
            <input
              type="text"
              name="address"
              id="address"
              value=""
            />
          </label>
        </li>
        <li>
          <label
            for="monthly_rate"
          >
            <!-- react-text: 16 -->
            Potential Monthly Rate
            <!-- /react-text -->
            <input
              type="text"
              name="monthly_rate"
              id="monthly_rate"
              value=""
            />
          </label>
        </li>
        <li>
          <label
            for="client"
          >
            <!-- react-text: 20 -->
            Client?
            <!-- /react-text -->
            <input
              type="checkbox"
              name="client"
              id="client"
            />
          </label>
        </li>
        <li>
          <button
            type="submit"
          >
            Create Lead
          </button>
        </li>
      </ul>
    </form>
  </div>
</div>
`;
